{"apiVersion":"tekton.dev/v1beta1","kind":"Pipeline","metadata":{"annotations":{"operator.tekton.dev/preserve-namespace":"true"},"labels":{"pipeline.openshift.io/strategy":"docker","pipeline.openshift.io/type":"openshift"},"name":"buildah-pr","namespace":"openshift"},"spec":{"params":[{"name":"APP_NAME","type":"string"},{"default":".","name":"PATH_CONTEXT","type":"string"}],"resources":[{"name":"app-source","type":"git"},{"name":"app-image","type":"image"}],"tasks":[{"name":"build","params":[{"name":"TLSVERIFY","value":"false"},{"name":"CONTEXT","value":"$(params.PATH_CONTEXT)"}],"resources":{"inputs":[{"name":"source","resource":"app-source"}],"outputs":[{"name":"image","resource":"app-image"}]},"taskRef":{"kind":"ClusterTask","name":"buildah-pr"}},{"name":"deploy","params":[{"name":"ARGS","value":["rollout","status","dc/$(params.APP_NAME)"]}],"runAfter":["build"],"taskRef":{"kind":"ClusterTask","name":"openshift-client"}}]}}
