{"apiVersion":"tekton.dev/v1beta1","kind":"Pipeline","metadata":{"annotations":{"operator.tekton.dev/preserve-namespace":"true","pipeline.openshift.io/supported-versions":"[8]"},"labels":{"pipeline.openshift.io/runtime":"java","pipeline.openshift.io/type":"openshift"},"name":"s2i-java-8","namespace":"openshift"},"spec":{"params":[{"name":"APP_NAME","type":"string"},{"name":"GIT_REPO","type":"string"},{"name":"GIT_REVISION","type":"string"},{"name":"IMAGE_NAME","type":"string"},{"default":".","name":"PATH_CONTEXT","type":"string"}],"tasks":[{"name":"fetch-repository","params":[{"name":"url","value":"$(params.GIT_REPO)"},{"name":"revision","value":"$(params.GIT_REVISION)"},{"name":"subdirectory","value":""},{"name":"deleteExisting","value":"true"}],"taskRef":{"kind":"ClusterTask","name":"git-clone"},"workspaces":[{"name":"output","workspace":"workspace"}]},{"name":"build","params":[{"name":"IMAGE","value":"$(params.IMAGE_NAME)"},{"name":"TLSVERIFY","value":"false"},{"name":"PATH_CONTEXT","value":"$(params.PATH_CONTEXT)"}],"runAfter":["fetch-repository"],"taskRef":{"kind":"ClusterTask","name":"s2i-java-8"},"workspaces":[{"name":"source","workspace":"workspace"}]},{"name":"deploy","params":[{"name":"ARGS","value":["rollout","status","dc/$(params.APP_NAME)"]}],"runAfter":["build"],"taskRef":{"kind":"ClusterTask","name":"openshift-client"}}],"workspaces":[{"name":"workspace"}]}}
