{"apiVersion":"tekton.dev/v1beta1","kind":"Pipeline","metadata":{"annotations":{"operator.tekton.dev/preserve-namespace":"true","pipeline.openshift.io/supported-versions":"[3.8,3.6-ubi8]"},"labels":{"pipeline.openshift.io/runtime":"python","pipeline.openshift.io/type":"knative"},"name":"s2i-python-3-knative-pr","namespace":"openshift"},"spec":{"params":[{"name":"APP_NAME","type":"string"},{"default":".","name":"PATH_CONTEXT","type":"string"},{"default":"8","name":"MINOR_VERSION","type":"string"}],"resources":[{"name":"app-source","type":"git"},{"name":"app-image","type":"image"}],"tasks":[{"name":"build","params":[{"name":"TLSVERIFY","value":"false"},{"name":"PATH_CONTEXT","value":"$(params.PATH_CONTEXT)"},{"name":"MINOR_VERSION","value":"$(params.MINOR_VERSION)"}],"resources":{"inputs":[{"name":"source","resource":"app-source"}],"outputs":[{"name":"image","resource":"app-image"}]},"taskRef":{"kind":"ClusterTask","name":"s2i-python-3-pr"}},{"name":"kn-service-create","params":[{"name":"ARGS","value":["service","create","$(params.APP_NAME)","--image=$(resources.inputs.image.url)","--force"]}],"resources":{"inputs":[{"from":["build"],"name":"image","resource":"app-image"}]},"runAfter":["build"],"taskRef":{"kind":"ClusterTask","name":"kn"}}]}}
